2024-05-24 10:00:01 INFO [PaymentService] Payment processed successfully
2024-05-24 10:00:02 INFO [UserService] User login successful
2024-05-24 10:00:03 WARN [OrderService] Order #12345 has pending status
2024-05-24 10:00:04 ERROR [PaymentService] Failed to process payment for order #12345: Insufficient funds
2024-05-24 10:00:05 INFO [InventoryService] Stock updated
2024-05-24 10:00:06 ERROR [UserService] Database connection failed
2024-05-24 10:00:07 WARN [PaymentService] Payment gateway timeout
2024-05-24 10:00:08 ERROR [OrderService] Order #12346 creation failed: Invalid user ID
2024-05-24 10:00:09 INFO [NotificationService] Email sent
2024-05-24 10:00:10 ERROR [PaymentService] Payment gateway unreachable
2024-05-24 10:00:11 WARN [UserService] High login failure rate detected
2024-05-24 10:00:12 ERROR [UserService] Authentication service down
2024-05-24 10:00:13 INFO [ReportService] Daily report generated
2024-05-24 10:00:14 ERROR [PaymentService] Credit card validation failed
2024-05-24 10:00:15 WARN [OrderService] Order cancellation rate above threshold
2024-05-24 10:00:16 ERROR [InventoryService] Product #789 out of stock
2024-05-24 10:00:17 INFO [PaymentService] Refund processed
2024-05-24 10:00:18 ERROR [PaymentService] Fraud detection alert
2024-05-24 10:00:19 WARN [NotificationService] SMS delivery failed
2024-05-24 10:00:20 INFO [UserService] Password reset completed
